[2026-09-15T16:19:25.782Z] IP: ::1 | Method: GET | Path: /
[2026-09-15T16:19:25.857Z] IP: ::1 | Method: GET | Path: /style.css
[2026-09-15T16:19:25.858Z] IP: ::1 | Method: GET | Path: /ocean.jpg
[2026-09-15T16:19:25.858Z] IP: ::1 | Method: GET | Path: /script.js
[2026-09-15T16:19:25.887Z] IP: ::1 | Method: GET | Path: /favicon.ico
[2026-09-15T16:19:29.781Z] IP: ::1 | Method: GET | Path: /
[2026-09-15T16:19:29.792Z] IP: ::1 | Method: GET | Path: /style.css
[2026-09-15T16:19:29.795Z] IP: ::1 | Method: GET | Path: /ocean.jpg
[2026-09-15T16:19:29.795Z] IP: ::1 | Method: GET | Path: /script.js
[2026-09-15T16:19:30.389Z] IP: ::1 | Method: GET | Path: /
[2026-09-15T16:19:30.399Z] IP: ::1 | Method: GET | Path: /style.css
[2026-09-15T16:19:30.399Z] IP: ::1 | Method: GET | Path: /ocean.jpg
[2026-09-15T16:19:30.399Z] IP: ::1 | Method: GET | Path: /script.js
[2026-09-15T16:19:58.887Z] IP: ::1 | Method: GET | Path: /
[2026-09-15T16:19:58.898Z] IP: ::1 | Method: GET | Path: /style.css
[2026-09-15T16:19:58.901Z] IP: ::1 | Method: GET | Path: /ocean.jpg
[2026-09-15T16:19:58.901Z] IP: ::1 | Method: GET | Path: /script.js
[2026-09-15T16:19:59.835Z] IP: ::1 | Method: GET | Path: /
[2026-09-15T16:19:59.849Z] IP: ::1 | Method: GET | Path: /style.css
[2026-09-15T16:19:59.851Z] IP: ::1 | Method: GET | Path: /ocean.jpg
[2026-09-15T16:19:59.851Z] IP: ::1 | Method: GET | Path: /script.js
[2026-09-15T16:20:00.429Z] IP: ::1 | Method: GET | Path: /
[2026-09-15T16:20:00.439Z] IP: ::1 | Method: GET | Path: /style.css
[2026-09-15T16:20:00.440Z] IP: ::1 | Method: GET | Path: /ocean.jpg
[2026-09-15T16:20:00.440Z] IP: ::1 | Method: GET | Path: /script.js
[2026-09-15T16:20:01.069Z] IP: ::1 | Method: GET | Path: /
[2026-09-15T16:20:01.080Z] IP: ::1 | Method: GET | Path: /style.css
[2026-09-15T16:20:01.082Z] IP: ::1 | Method: GET | Path: /ocean.jpg
[2026-09-15T16:20:01.082Z] IP: ::1 | Method: GET | Path: /script.js
[2026-09-15T16:20:32.141Z] IP: ::1 | Method: GET | Path: /
[2026-09-15T16:20:32.153Z] IP: ::1 | Method: GET | Path: /style.css
[2026-09-15T16:20:32.154Z] IP: ::1 | Method: GET | Path: /ocean.jpg
[2026-09-15T16:20:32.154Z] IP: ::1 | Method: GET | Path: /script.js
[2026-09-15T16:35:50.060Z] IP: ::1 | Method: GET | Path: /
[2026-09-15T16:35:50.070Z] IP: ::1 | Method: GET | Path: /style.css
[2026-09-15T16:35:50.071Z] IP: ::1 | Method: GET | Path: /ocean.jpg
[2026-09-15T16:35:50.071Z] IP: ::1 | Method: GET | Path: /script.js
[2026-09-15T16:35:51.044Z] IP: ::1 | Method: GET | Path: /
[2026-09-15T16:35:51.056Z] IP: ::1 | Method: GET | Path: /style.css
[2026-09-15T16:35:51.056Z] IP: ::1 | Method: GET | Path: /ocean.jpg
[2026-09-15T16:35:51.057Z] IP: ::1 | Method: GET | Path: /script.js
[2026-09-15T16:35:51.444Z] IP: ::1 | Method: GET | Path: /
[2026-09-15T16:35:51.454Z] IP: ::1 | Method: GET | Path: /style.css
[2026-09-15T16:35:51.455Z] IP: ::1 | Method: GET | Path: /script.js
[2026-09-15T16:35:51.455Z] IP: ::1 | Method: GET | Path: /ocean.jpg
[2026-09-15T16:35:51.763Z] IP: ::1 | Method: GET | Path: /
[2026-09-15T16:35:51.776Z] IP: ::1 | Method: GET | Path: /style.css
[2026-09-15T16:35:51.776Z] IP: ::1 | Method: GET | Path: /ocean.jpg
[2026-09-15T16:35:51.776Z] IP: ::1 | Method: GET | Path: /script.js
[2026-09-15T16:35:52.172Z] IP: ::1 | Method: GET | Path: /shoutbox
[2026-09-15T16:35:52.213Z] IP: ::1 | Method: GET | Path: /style.css
[2026-09-15T16:35:54.451Z] IP: ::1 | Method: GET | Path: /
[2026-09-15T16:35:54.461Z] IP: ::1 | Method: GET | Path: /style.css
[2026-09-15T16:35:54.463Z] IP: ::1 | Method: GET | Path: /ocean.jpg
[2026-09-15T16:35:54.464Z] IP: ::1 | Method: GET | Path: /script.js
[2026-09-15T16:35:56.356Z] IP: ::1 | Method: GET | Path: /
[2026-09-15T16:35:56.366Z] IP: ::1 | Method: GET | Path: /style.css
[2026-09-15T16:35:56.367Z] IP: ::1 | Method: GET | Path: /ocean.jpg
[2026-09-15T16:35:56.367Z] IP: ::1 | Method: GET | Path: /script.js
[2026-09-15T16:36:42.769Z] IP: ::1 | Method: GET | Path: /
[2026-09-15T16:36:42.785Z] IP: ::1 | Method: GET | Path: /style.css
[2026-09-15T16:36:42.788Z] IP: ::1 | Method: GET | Path: /ocean.jpg
[2026-09-15T16:36:42.788Z] IP: ::1 | Method: GET | Path: /script.js
[2026-09-15T16:36:44.796Z] IP: ::1 | Method: GET | Path: /shoutbox
[2026-09-15T16:36:44.807Z] IP: ::1 | Method: GET | Path: /style.css
[2026-09-15T16:36:46.116Z] IP: ::1 | Method: GET | Path: /
[2026-09-15T16:36:46.126Z] IP: ::1 | Method: GET | Path: /style.css
[2026-09-15T16:36:46.128Z] IP: ::1 | Method: GET | Path: /ocean.jpg
[2026-09-15T16:36:46.129Z] IP: ::1 | Method: GET | Path: /script.js
[2026-09-15T16:36:46.843Z] IP: ::1 | Method: GET | Path: /
[2026-09-15T16:36:46.855Z] IP: ::1 | Method: GET | Path: /style.css
[2026-09-15T16:36:46.855Z] IP: ::1 | Method: GET | Path: /ocean.jpg
[2026-09-15T16:36:46.856Z] IP: ::1 | Method: GET | Path: /script.js
[2026-09-15T16:36:47.355Z] IP: ::1 | Method: GET | Path: /
[2026-09-15T16:36:47.366Z] IP: ::1 | Method: GET | Path: /style.css
[2026-09-15T16:36:47.368Z] IP: ::1 | Method: GET | Path: /ocean.jpg
[2026-09-15T16:36:47.368Z] IP: ::1 | Method: GET | Path: /script.js
[2026-09-15T16:36:47.537Z] IP: ::1 | Method: GET | Path: /
[2026-09-15T16:36:47.552Z] IP: ::1 | Method: GET | Path: /style.css
[2026-09-15T16:36:47.554Z] IP: ::1 | Method: GET | Path: /ocean.jpg
[2026-09-15T16:36:47.555Z] IP: ::1 | Method: GET | Path: /script.js
[2026-09-15T16:36:48.066Z] IP: ::1 | Method: GET | Path: /
[2026-09-15T16:36:48.079Z] IP: ::1 | Method: GET | Path: /style.css
[2026-09-15T16:36:48.079Z] IP: ::1 | Method: GET | Path: /ocean.jpg
[2026-09-15T16:36:48.079Z] IP: ::1 | Method: GET | Path: /script.js
[2026-09-15T16:36:48.298Z] IP: ::1 | Method: GET | Path: /
[2026-09-15T16:36:48.310Z] IP: ::1 | Method: GET | Path: /style.css
[2026-09-15T16:36:48.310Z] IP: ::1 | Method: GET | Path: /ocean.jpg
[2026-09-15T16:36:48.310Z] IP: ::1 | Method: GET | Path: /script.js
[2026-09-15T16:36:48.484Z] IP: ::1 | Method: GET | Path: /
[2026-09-15T16:36:48.495Z] IP: ::1 | Method: GET | Path: /style.css
[2026-09-15T16:36:48.495Z] IP: ::1 | Method: GET | Path: /ocean.jpg
[2026-09-15T16:36:48.495Z] IP: ::1 | Method: GET | Path: /script.js
[2026-09-15T16:36:48.659Z] IP: ::1 | Method: GET | Path: /
[2026-09-15T16:36:48.668Z] IP: ::1 | Method: GET | Path: /style.css
[2026-09-15T16:36:48.669Z] IP: ::1 | Method: GET | Path: /script.js
[2026-09-15T16:36:48.669Z] IP: ::1 | Method: GET | Path: /ocean.jpg
[2026-09-15T16:36:48.842Z] IP: ::1 | Method: GET | Path: /
[2026-09-15T16:36:48.853Z] IP: ::1 | Method: GET | Path: /style.css
[2026-09-15T16:36:48.853Z] IP: ::1 | Method: GET | Path: /script.js
[2026-09-15T16:36:48.853Z] IP: ::1 | Method: GET | Path: /ocean.jpg
[2026-09-15T16:36:49.017Z] IP: ::1 | Method: GET | Path: /
[2026-09-15T16:36:49.027Z] IP: ::1 | Method: GET | Path: /style.css
[2026-09-15T16:36:49.028Z] IP: ::1 | Method: GET | Path: /ocean.jpg
[2026-09-15T16:36:49.028Z] IP: ::1 | Method: GET | Path: /script.js
[2026-09-15T16:36:49.186Z] IP: ::1 | Method: GET | Path: /
[2026-09-15T16:36:49.198Z] IP: ::1 | Method: GET | Path: /style.css
[2026-09-15T16:36:49.198Z] IP: ::1 | Method: GET | Path: /script.js
[2026-09-15T16:36:49.198Z] IP: ::1 | Method: GET | Path: /ocean.jpg
[2026-09-15T16:36:49.508Z] IP: ::1 | Method: GET | Path: /
[2026-09-15T16:36:49.519Z] IP: ::1 | Method: GET | Path: /style.css
[2026-09-15T16:36:49.521Z] IP: ::1 | Method: GET | Path: /ocean.jpg
[2026-09-15T16:36:49.521Z] IP: ::1 | Method: GET | Path: /script.js
[2026-09-15T16:36:49.690Z] IP: ::1 | Method: GET | Path: /
[2026-09-15T16:36:49.700Z] IP: ::1 | Method: GET | Path: /style.css
[2026-09-15T16:36:49.700Z] IP: ::1 | Method: GET | Path: /ocean.jpg
[2026-09-15T16:36:49.701Z] IP: ::1 | Method: GET | Path: /script.js
[2026-09-15T16:36:49.866Z] IP: ::1 | Method: GET | Path: /
[2026-09-15T16:36:49.877Z] IP: ::1 | Method: GET | Path: /style.css
[2026-09-15T16:36:49.877Z] IP: ::1 | Method: GET | Path: /ocean.jpg
[2026-09-15T16:36:49.878Z] IP: ::1 | Method: GET | Path: /script.js
[2026-09-15T16:36:51.332Z] IP: ::1 | Method: GET | Path: /
[2026-09-15T16:36:51.344Z] IP: ::1 | Method: GET | Path: /ocean.jpg
[2026-09-15T16:36:51.344Z] IP: ::1 | Method: GET | Path: /style.css
[2026-09-15T16:36:51.344Z] IP: ::1 | Method: GET | Path: /script.js
[2026-09-15T16:36:51.515Z] IP: ::1 | Method: GET | Path: /
[2026-09-15T16:36:51.526Z] IP: ::1 | Method: GET | Path: /style.css
[2026-09-15T16:36:51.527Z] IP: ::1 | Method: GET | Path: /ocean.jpg
[2026-09-15T16:36:51.527Z] IP: ::1 | Method: GET | Path: /script.js
[2026-09-15T16:36:51.707Z] IP: ::1 | Method: GET | Path: /
[2026-09-15T16:36:51.717Z] IP: ::1 | Method: GET | Path: /style.css
[2026-09-15T16:36:51.717Z] IP: ::1 | Method: GET | Path: /ocean.jpg
[2026-09-15T16:36:51.717Z] IP: ::1 | Method: GET | Path: /script.js
[2026-09-15T16:36:51.861Z] IP: ::1 | Method: GET | Path: /
[2026-09-15T16:36:51.873Z] IP: ::1 | Method: GET | Path: /style.css
[2026-09-15T16:36:51.875Z] IP: ::1 | Method: GET | Path: /ocean.jpg
[2026-09-15T16:36:51.875Z] IP: ::1 | Method: GET | Path: /script.js
[2026-09-15T16:36:52.083Z] IP: ::1 | Method: GET | Path: /
[2026-09-15T16:36:52.095Z] IP: ::1 | Method: GET | Path: /style.css
[2026-09-15T16:36:52.095Z] IP: ::1 | Method: GET | Path: /ocean.jpg
[2026-09-15T16:36:52.095Z] IP: ::1 | Method: GET | Path: /script.js
[2026-09-15T16:36:52.277Z] IP: ::1 | Method: GET | Path: /
[2026-09-15T16:36:52.288Z] IP: ::1 | Method: GET | Path: /style.css
[2026-09-15T16:36:52.290Z] IP: ::1 | Method: GET | Path: /ocean.jpg
[2026-09-15T16:36:52.291Z] IP: ::1 | Method: GET | Path: /script.js
[2026-09-15T16:36:52.466Z] IP: ::1 | Method: GET | Path: /
[2026-09-15T16:36:52.477Z] IP: ::1 | Method: GET | Path: /style.css
[2026-09-15T16:36:52.477Z] IP: ::1 | Method: GET | Path: /ocean.jpg
[2026-09-15T16:36:52.477Z] IP: ::1 | Method: GET | Path: /script.js
[2026-09-15T16:36:52.641Z] IP: ::1 | Method: GET | Path: /
[2026-09-15T16:36:52.652Z] IP: ::1 | Method: GET | Path: /style.css
[2026-09-15T16:36:52.652Z] IP: ::1 | Method: GET | Path: /ocean.jpg
[2026-09-15T16:36:52.652Z] IP: ::1 | Method: GET | Path: /script.js
[2026-09-15T16:36:52.843Z] IP: ::1 | Method: GET | Path: /
[2026-09-15T16:36:52.854Z] IP: ::1 | Method: GET | Path: /style.css
[2026-09-15T16:36:52.854Z] IP: ::1 | Method: GET | Path: /ocean.jpg
[2026-09-15T16:36:52.854Z] IP: ::1 | Method: GET | Path: /script.js
[2026-09-15T16:36:53.051Z] IP: ::1 | Method: GET | Path: /
[2026-09-15T16:36:53.061Z] IP: ::1 | Method: GET | Path: /style.css
[2026-09-15T16:36:53.061Z] IP: ::1 | Method: GET | Path: /ocean.jpg
[2026-09-15T16:36:53.061Z] IP: ::1 | Method: GET | Path: /script.js
[2026-09-15T16:36:53.245Z] IP: ::1 | Method: GET | Path: /
[2026-09-15T16:36:53.256Z] IP: ::1 | Method: GET | Path: /style.css
[2026-09-15T16:36:53.258Z] IP: ::1 | Method: GET | Path: /ocean.jpg
[2026-09-15T16:36:53.258Z] IP: ::1 | Method: GET | Path: /script.js
[2026-09-15T16:36:53.427Z] IP: ::1 | Method: GET | Path: /
[2026-09-15T16:36:53.438Z] IP: ::1 | Method: GET | Path: /style.css
[2026-09-15T16:36:53.438Z] IP: ::1 | Method: GET | Path: /ocean.jpg
[2026-09-15T16:36:53.438Z] IP: ::1 | Method: GET | Path: /script.js
[2026-09-15T16:36:53.628Z] IP: ::1 | Method: GET | Path: /
[2026-09-15T16:36:53.639Z] IP: ::1 | Method: GET | Path: /style.css
[2026-09-15T16:36:53.639Z] IP: ::1 | Method: GET | Path: /ocean.jpg
[2026-09-15T16:36:53.639Z] IP: ::1 | Method: GET | Path: /script.js
[2026-09-15T16:36:53.817Z] IP: ::1 | Method: GET | Path: /
[2026-09-15T16:36:53.828Z] IP: ::1 | Method: GET | Path: /style.css
[2026-09-15T16:36:53.829Z] IP: ::1 | Method: GET | Path: /ocean.jpg
[2026-09-15T16:36:53.829Z] IP: ::1 | Method: GET | Path: /script.js
[2026-09-15T16:36:54.018Z] IP: ::1 | Method: GET | Path: /
[2026-09-15T16:36:54.029Z] IP: ::1 | Method: GET | Path: /style.css
[2026-09-15T16:36:54.030Z] IP: ::1 | Method: GET | Path: /script.js
[2026-09-15T16:36:54.030Z] IP: ::1 | Method: GET | Path: /ocean.jpg
[2026-09-15T16:36:54.202Z] IP: ::1 | Method: GET | Path: /
[2026-09-15T16:36:54.213Z] IP: ::1 | Method: GET | Path: /style.css
[2026-09-15T16:36:54.214Z] IP: ::1 | Method: GET | Path: /script.js
[2026-09-15T16:36:54.214Z] IP: ::1 | Method: GET | Path: /ocean.jpg
[2026-09-15T16:36:54.395Z] IP: ::1 | Method: GET | Path: /
[2026-09-15T16:36:54.406Z] IP: ::1 | Method: GET | Path: /ocean.jpg
[2026-09-15T16:36:54.406Z] IP: ::1 | Method: GET | Path: /style.css
[2026-09-15T16:36:54.406Z] IP: ::1 | Method: GET | Path: /script.js
[2026-09-15T16:36:54.602Z] IP: ::1 | Method: GET | Path: /
[2026-09-15T16:36:54.614Z] IP: ::1 | Method: GET | Path: /style.css
[2026-09-15T16:36:54.614Z] IP: ::1 | Method: GET | Path: /ocean.jpg
[2026-09-15T16:36:54.614Z] IP: ::1 | Method: GET | Path: /script.js
[2026-09-15T16:36:54.825Z] IP: ::1 | Method: GET | Path: /
[2026-09-15T16:36:54.836Z] IP: ::1 | Method: GET | Path: /style.css
[2026-09-15T16:36:54.836Z] IP: ::1 | Method: GET | Path: /ocean.jpg
[2026-09-15T16:36:54.836Z] IP: ::1 | Method: GET | Path: /script.js
[2026-09-15T16:36:55.020Z] IP: ::1 | Method: GET | Path: /
[2026-09-15T16:36:55.031Z] IP: ::1 | Method: GET | Path: /style.css
[2026-09-15T16:36:55.031Z] IP: ::1 | Method: GET | Path: /ocean.jpg
[2026-09-15T16:36:55.031Z] IP: ::1 | Method: GET | Path: /script.js
[2026-09-15T16:36:55.203Z] IP: ::1 | Method: GET | Path: /
[2026-09-15T16:36:55.215Z] IP: ::1 | Method: GET | Path: /style.css
[2026-09-15T16:36:55.215Z] IP: ::1 | Method: GET | Path: /ocean.jpg
[2026-09-15T16:36:55.215Z] IP: ::1 | Method: GET | Path: /script.js
[2026-09-15T16:36:55.404Z] IP: ::1 | Method: GET | Path: /
[2026-09-15T16:36:55.415Z] IP: ::1 | Method: GET | Path: /style.css
[2026-09-15T16:36:55.416Z] IP: ::1 | Method: GET | Path: /script.js
[2026-09-15T16:36:55.415Z] IP: ::1 | Method: GET | Path: /ocean.jpg
[2026-09-15T16:36:55.604Z] IP: ::1 | Method: GET | Path: /
[2026-09-15T16:36:55.616Z] IP: ::1 | Method: GET | Path: /style.css
[2026-09-15T16:36:55.616Z] IP: ::1 | Method: GET | Path: /script.js
[2026-09-15T16:36:55.616Z] IP: ::1 | Method: GET | Path: /ocean.jpg
[2026-09-15T16:36:55.811Z] IP: ::1 | Method: GET | Path: /
[2026-09-15T16:36:55.821Z] IP: ::1 | Method: GET | Path: /style.css
[2026-09-15T16:36:55.821Z] IP: ::1 | Method: GET | Path: /ocean.jpg
[2026-09-15T16:36:55.822Z] IP: ::1 | Method: GET | Path: /script.js
[2026-09-15T16:36:55.988Z] IP: ::1 | Method: GET | Path: /
[2026-09-15T16:36:55.999Z] IP: ::1 | Method: GET | Path: /style.css
[2026-09-15T16:36:55.999Z] IP: ::1 | Method: GET | Path: /script.js
[2026-09-15T16:36:55.999Z] IP: ::1 | Method: GET | Path: /ocean.jpg
[2026-09-15T16:36:56.163Z] IP: ::1 | Method: GET | Path: /
[2026-09-15T16:36:56.174Z] IP: ::1 | Method: GET | Path: /style.css
[2026-09-15T16:36:56.174Z] IP: ::1 | Method: GET | Path: /script.js
[2026-09-15T16:36:56.174Z] IP: ::1 | Method: GET | Path: /ocean.jpg
[2026-09-15T16:36:57.165Z] IP: ::1 | Method: GET | Path: /
[2026-09-15T16:36:57.177Z] IP: ::1 | Method: GET | Path: /style.css
[2026-09-15T16:36:57.180Z] IP: ::1 | Method: GET | Path: /ocean.jpg
[2026-09-15T16:36:57.180Z] IP: ::1 | Method: GET | Path: /script.js
[2026-09-15T16:36:57.603Z] IP: ::1 | Method: GET | Path: /
[2026-09-15T16:36:57.614Z] IP: ::1 | Method: GET | Path: /style.css
[2026-09-15T16:36:57.615Z] IP: ::1 | Method: GET | Path: /script.js
[2026-09-15T16:36:57.614Z] IP: ::1 | Method: GET | Path: /ocean.jpg
[2026-09-15T16:36:58.803Z] IP: ::1 | Method: GET | Path: /
[2026-09-15T16:36:58.816Z] IP: ::1 | Method: GET | Path: /style.css
[2026-09-15T16:36:58.817Z] IP: ::1 | Method: GET | Path: /ocean.jpg
[2026-09-15T16:36:58.817Z] IP: ::1 | Method: GET | Path: /script.js
[2026-09-15T16:36:59.027Z] IP: ::1 | Method: GET | Path: /
[2026-09-15T16:36:59.039Z] IP: ::1 | Method: GET | Path: /style.css
[2026-09-15T16:36:59.039Z] IP: ::1 | Method: GET | Path: /script.js
[2026-09-15T16:36:59.039Z] IP: ::1 | Method: GET | Path: /ocean.jpg
[2026-09-15T16:36:59.220Z] IP: ::1 | Method: GET | Path: /
[2026-09-15T16:36:59.232Z] IP: ::1 | Method: GET | Path: /style.css
[2026-09-15T16:36:59.232Z] IP: ::1 | Method: GET | Path: /ocean.jpg
[2026-09-15T16:36:59.232Z] IP: ::1 | Method: GET | Path: /script.js
[2026-09-15T16:36:59.404Z] IP: ::1 | Method: GET | Path: /
[2026-09-15T16:36:59.415Z] IP: ::1 | Method: GET | Path: /style.css
[2026-09-15T16:36:59.415Z] IP: ::1 | Method: GET | Path: /ocean.jpg
[2026-09-15T16:36:59.415Z] IP: ::1 | Method: GET | Path: /script.js
[2026-09-15T16:36:59.627Z] IP: ::1 | Method: GET | Path: /
[2026-09-15T16:36:59.637Z] IP: ::1 | Method: GET | Path: /style.css
[2026-09-15T16:36:59.638Z] IP: ::1 | Method: GET | Path: /ocean.jpg
[2026-09-15T16:36:59.638Z] IP: ::1 | Method: GET | Path: /script.js
[2026-09-15T16:36:59.837Z] IP: ::1 | Method: GET | Path: /
[2026-09-15T16:36:59.850Z] IP: ::1 | Method: GET | Path: /style.css
[2026-09-15T16:36:59.851Z] IP: ::1 | Method: GET | Path: /ocean.jpg
[2026-09-15T16:36:59.851Z] IP: ::1 | Method: GET | Path: /script.js
[2026-09-15T16:37:00.001Z] IP: ::1 | Method: GET | Path: /
[2026-09-15T16:37:00.015Z] IP: ::1 | Method: GET | Path: /style.css
[2026-09-15T16:37:00.016Z] IP: ::1 | Method: GET | Path: /script.js
[2026-09-15T16:37:00.016Z] IP: ::1 | Method: GET | Path: /ocean.jpg
[2026-09-15T16:37:00.202Z] IP: ::1 | Method: GET | Path: /
[2026-09-15T16:37:00.215Z] IP: ::1 | Method: GET | Path: /style.css
[2026-09-15T16:37:00.215Z] IP: ::1 | Method: GET | Path: /ocean.jpg
[2026-09-15T16:37:00.215Z] IP: ::1 | Method: GET | Path: /script.js
[2026-09-15T16:37:00.420Z] IP: ::1 | Method: GET | Path: /
[2026-09-15T16:37:00.432Z] IP: ::1 | Method: GET | Path: /style.css
[2026-09-15T16:37:00.432Z] IP: ::1 | Method: GET | Path: /ocean.jpg
[2026-09-15T16:37:00.433Z] IP: ::1 | Method: GET | Path: /script.js
[2026-09-15T16:37:00.619Z] IP: ::1 | Method: GET | Path: /
[2026-09-15T16:37:00.630Z] IP: ::1 | Method: GET | Path: /style.css
[2026-09-15T16:37:00.630Z] IP: ::1 | Method: GET | Path: /ocean.jpg
[2026-09-15T16:37:00.630Z] IP: ::1 | Method: GET | Path: /script.js
[2026-09-15T16:37:00.788Z] IP: ::1 | Method: GET | Path: /
[2026-09-15T16:37:00.804Z] IP: ::1 | Method: GET | Path: /style.css
[2026-09-15T16:37:00.804Z] IP: ::1 | Method: GET | Path: /ocean.jpg
[2026-09-15T16:37:00.804Z] IP: ::1 | Method: GET | Path: /script.js
[2026-09-15T16:37:00.987Z] IP: ::1 | Method: GET | Path: /
[2026-09-15T16:37:00.997Z] IP: ::1 | Method: GET | Path: /ocean.jpg
[2026-09-15T16:37:00.997Z] IP: ::1 | Method: GET | Path: /script.js
[2026-09-15T16:37:00.997Z] IP: ::1 | Method: GET | Path: /style.css
[2026-09-15T16:37:01.168Z] IP: ::1 | Method: GET | Path: /
[2026-09-15T16:37:01.179Z] IP: ::1 | Method: GET | Path: /style.css
[2026-09-15T16:37:01.179Z] IP: ::1 | Method: GET | Path: /ocean.jpg
[2026-09-15T16:37:01.179Z] IP: ::1 | Method: GET | Path: /script.js
[2026-09-15T16:37:01.732Z] IP: ::1 | Method: GET | Path: /
[2026-09-15T16:37:01.744Z] IP: ::1 | Method: GET | Path: /style.css
[2026-09-15T16:37:01.744Z] IP: ::1 | Method: GET | Path: /ocean.jpg
[2026-09-15T16:37:01.745Z] IP: ::1 | Method: GET | Path: /script.js
[2026-09-15T16:37:02.125Z] IP: ::1 | Method: GET | Path: /
[2026-09-15T16:37:02.141Z] IP: ::1 | Method: GET | Path: /style.css
[2026-09-15T16:37:02.141Z] IP: ::1 | Method: GET | Path: /ocean.jpg
[2026-09-15T16:37:02.141Z] IP: ::1 | Method: GET | Path: /script.js
[2026-09-15T16:37:02.932Z] IP: ::1 | Method: GET | Path: /
[2026-09-15T16:37:02.942Z] IP: ::1 | Method: GET | Path: /style.css
[2026-09-15T16:37:02.943Z] IP: ::1 | Method: GET | Path: /ocean.jpg
[2026-09-15T16:37:02.943Z] IP: ::1 | Method: GET | Path: /script.js
[2026-09-15T17:14:59.712Z] IP: ::1 | Method: GET | Path: /
[2026-09-15T17:14:59.734Z] IP: ::1 | Method: GET | Path: /style.css
[2026-09-15T17:14:59.739Z] IP: ::1 | Method: GET | Path: /ocean.jpg
[2026-09-15T17:14:59.740Z] IP: ::1 | Method: GET | Path: /script.js
[2026-09-15T17:15:01.650Z] IP: ::1 | Method: GET | Path: /shoutbox
[2026-09-15T17:15:01.663Z] IP: ::1 | Method: GET | Path: /style.css
[2026-09-15T17:22:24.304Z] IP: ::1 | Method: GET | Path: /shoutbox
[2026-09-15T17:22:35.832Z] IP: ::1 | Method: GET | Path: /shoutbox
[2026-09-15T17:23:02.695Z] IP: ::1 | Method: GET | Path: /
[2026-09-15T17:23:02.709Z] IP: ::1 | Method: GET | Path: /style.css
[2026-09-15T17:23:02.710Z] IP: ::1 | Method: GET | Path: /ocean.jpg
[2026-09-15T17:23:02.711Z] IP: ::1 | Method: GET | Path: /script.js
[2026-09-15T17:23:04.806Z] IP: ::1 | Method: GET | Path: /shoutbox
[2026-09-15T17:23:04.816Z] IP: ::1 | Method: GET | Path: /style.css
[2026-09-15T17:23:14.832Z] IP: ::1 | Method: GET | Path: /shoutbox
[2026-09-15T17:23:14.835Z] IP: ::1 | Method: GET | Path: /shoutbox
[2026-09-15T17:23:14.850Z] IP: ::1 | Method: GET | Path: /style.css
[2026-09-15T17:23:30.269Z] IP: ::1 | Method: GET | Path: /shoutbox
[2026-09-15T17:23:30.282Z] IP: ::1 | Method: GET | Path: /style.css
[2026-09-15T17:23:30.878Z] IP: ::1 | Method: GET | Path: /shoutbox
[2026-09-15T17:23:30.888Z] IP: ::1 | Method: GET | Path: /style.css
[2026-09-15T17:23:31.045Z] IP: ::1 | Method: GET | Path: /shoutbox
[2026-09-15T17:23:31.056Z] IP: ::1 | Method: GET | Path: /style.css
[2026-09-15T17:23:31.213Z] IP: ::1 | Method: GET | Path: /shoutbox
[2026-09-15T17:23:31.228Z] IP: ::1 | Method: GET | Path: /style.css
[2026-09-15T17:23:31.390Z] IP: ::1 | Method: GET | Path: /shoutbox
[2026-09-15T17:23:31.401Z] IP: ::1 | Method: GET | Path: /style.css
